Archive member included because of file (symbol)

d:/starks/embedded_system/avr_tools/sdk_win_64/sdk_win_64/winavr/bin/../lib/gcc/avr/4.3.3/avr5\libgcc.a(_exit.o)
                              d:/starks/embedded_system/avr_tools/sdk_win_64/sdk_win_64/winavr/bin/../lib/gcc/avr/4.3.3/../../../../avr/lib/avr5/crtm32.o (exit)
d:/starks/embedded_system/avr_tools/sdk_win_64/sdk_win_64/winavr/bin/../lib/gcc/avr/4.3.3/avr5\libgcc.a(_copy_data.o)
                              ./HAL/SWITCH/SW_Config.o (__do_copy_data)

Memory Configuration

Name             Origin             Length             Attributes
text             0x00000000         0x00020000         xr
data             0x00800060         0x0000ffa0         rw !x
eeprom           0x00810000         0x00010000         rw !x
fuse             0x00820000         0x00000400         rw !x
lock             0x00830000         0x00000400         rw !x
signature        0x00840000         0x00000400         rw !x
*default*        0x00000000         0xffffffff

Linker script and memory map

LOAD d:/starks/embedded_system/avr_tools/sdk_win_64/sdk_win_64/winavr/bin/../lib/gcc/avr/4.3.3/../../../../avr/lib/avr5/crtm32.o
LOAD ./MCAL/DIO_Prog.o
LOAD ./HAL/SWITCH/SW_Config.o
LOAD ./HAL/SWITCH/SW_Prog.o
LOAD ./HAL/LED/LED_congif.o
LOAD ./HAL/LED/LED_prog.o
LOAD ./APP/main.o
LOAD d:/starks/embedded_system/avr_tools/sdk_win_64/sdk_win_64/winavr/bin/../lib/gcc/avr/4.3.3/avr5\libgcc.a
LOAD d:/starks/embedded_system/avr_tools/sdk_win_64/sdk_win_64/winavr/bin/../lib/gcc/avr/4.3.3/../../../../avr/lib/avr5\libc.a
LOAD d:/starks/embedded_system/avr_tools/sdk_win_64/sdk_win_64/winavr/bin/../lib/gcc/avr/4.3.3/avr5\libgcc.a

.hash
 *(.hash)

.dynsym
 *(.dynsym)

.dynstr
 *(.dynstr)

.gnu.version
 *(.gnu.version)

.gnu.version_d
 *(.gnu.version_d)

.gnu.version_r
 *(.gnu.version_r)

.rel.init
 *(.rel.init)

.rela.init
 *(.rela.init)

.rel.text
 *(.rel.text)
 *(.rel.text.*)
 *(.rel.gnu.linkonce.t*)

.rela.text
 *(.rela.text)
 *(.rela.text.*)
 *(.rela.gnu.linkonce.t*)

.rel.fini
 *(.rel.fini)

.rela.fini
 *(.rela.fini)

.rel.rodata
 *(.rel.rodata)
 *(.rel.rodata.*)
 *(.rel.gnu.linkonce.r*)

.rela.rodata
 *(.rela.rodata)
 *(.rela.rodata.*)
 *(.rela.gnu.linkonce.r*)

.rel.data
 *(.rel.data)
 *(.rel.data.*)
 *(.rel.gnu.linkonce.d*)

.rela.data
 *(.rela.data)
 *(.rela.data.*)
 *(.rela.gnu.linkonce.d*)

.rel.ctors
 *(.rel.ctors)

.rela.ctors
 *(.rela.ctors)

.rel.dtors
 *(.rel.dtors)

.rela.dtors
 *(.rela.dtors)

.rel.got
 *(.rel.got)

.rela.got
 *(.rela.got)

.rel.bss
 *(.rel.bss)

.rela.bss
 *(.rela.bss)

.rel.plt
 *(.rel.plt)

.rela.plt
 *(.rela.plt)

.text           0x00000000      0xf5c
 *(.vectors)
 .vectors       0x00000000       0x54 d:/starks/embedded_system/avr_tools/sdk_win_64/sdk_win_64/winavr/bin/../lib/gcc/avr/4.3.3/../../../../avr/lib/avr5/crtm32.o
                0x00000000                __vectors
                0x00000000                __vector_default
 *(.vectors)
 *(.progmem.gcc*)
 *(.progmem*)
                0x00000054                . = ALIGN (0x2)
                0x00000054                __trampolines_start = .
 *(.trampolines)
 .trampolines   0x00000054        0x0 linker stubs
 *(.trampolines*)
                0x00000054                __trampolines_end = .
 *(.jumptables)
 *(.jumptables*)
 *(.lowtext)
 *(.lowtext*)
                0x00000054                __ctors_start = .
 *(.ctors)
                0x00000054                __ctors_end = .
                0x00000054                __dtors_start = .
 *(.dtors)
                0x00000054                __dtors_end = .
 SORT(*)(.ctors)
 SORT(*)(.dtors)
 *(.init0)
 .init0         0x00000054        0x0 d:/starks/embedded_system/avr_tools/sdk_win_64/sdk_win_64/winavr/bin/../lib/gcc/avr/4.3.3/../../../../avr/lib/avr5/crtm32.o
                0x00000054                __init
 *(.init0)
 *(.init1)
 *(.init1)
 *(.init2)
 .init2         0x00000054        0xc d:/starks/embedded_system/avr_tools/sdk_win_64/sdk_win_64/winavr/bin/../lib/gcc/avr/4.3.3/../../../../avr/lib/avr5/crtm32.o
 *(.init2)
 *(.init3)
 *(.init3)
 *(.init4)
 .init4         0x00000060       0x16 d:/starks/embedded_system/avr_tools/sdk_win_64/sdk_win_64/winavr/bin/../lib/gcc/avr/4.3.3/avr5\libgcc.a(_copy_data.o)
                0x00000060                __do_copy_data
 *(.init4)
 *(.init5)
 *(.init5)
 *(.init6)
 *(.init6)
 *(.init7)
 *(.init7)
 *(.init8)
 *(.init8)
 *(.init9)
 .init9         0x00000076        0x8 d:/starks/embedded_system/avr_tools/sdk_win_64/sdk_win_64/winavr/bin/../lib/gcc/avr/4.3.3/../../../../avr/lib/avr5/crtm32.o
 *(.init9)
 *(.text)
 .text          0x0000007e        0x4 d:/starks/embedded_system/avr_tools/sdk_win_64/sdk_win_64/winavr/bin/../lib/gcc/avr/4.3.3/../../../../avr/lib/avr5/crtm32.o
                0x0000007e                __vector_1
                0x0000007e                __vector_12
                0x0000007e                __bad_interrupt
                0x0000007e                __vector_6
                0x0000007e                __vector_3
                0x0000007e                __vector_11
                0x0000007e                __vector_13
                0x0000007e                __vector_17
                0x0000007e                __vector_19
                0x0000007e                __vector_7
                0x0000007e                __vector_5
                0x0000007e                __vector_4
                0x0000007e                __vector_9
                0x0000007e                __vector_2
                0x0000007e                __vector_15
                0x0000007e                __vector_8
                0x0000007e                __vector_14
                0x0000007e                __vector_10
                0x0000007e                __vector_16
                0x0000007e                __vector_18
                0x0000007e                __vector_20
 .text          0x00000082        0x0 ./MCAL/DIO_Prog.o
 .text          0x00000082        0x0 ./HAL/SWITCH/SW_Config.o
 .text          0x00000082        0x0 ./HAL/SWITCH/SW_Prog.o
 .text          0x00000082        0x0 ./HAL/LED/LED_congif.o
 .text          0x00000082        0x0 ./HAL/LED/LED_prog.o
 .text          0x00000082        0x0 ./APP/main.o
 .text          0x00000082        0x0 d:/starks/embedded_system/avr_tools/sdk_win_64/sdk_win_64/winavr/bin/../lib/gcc/avr/4.3.3/avr5\libgcc.a(_exit.o)
 .text          0x00000082        0x0 d:/starks/embedded_system/avr_tools/sdk_win_64/sdk_win_64/winavr/bin/../lib/gcc/avr/4.3.3/avr5\libgcc.a(_copy_data.o)
                0x00000082                . = ALIGN (0x2)
 *(.text.*)
 .text.DIO_enuInit
                0x00000082       0x58 ./MCAL/DIO_Prog.o
                0x00000082                DIO_enuInit
 .text.DIO_enuSetPortDir
                0x000000da       0x9a ./MCAL/DIO_Prog.o
                0x000000da                DIO_enuSetPortDir
 .text.DIO_enuSetPortVAL
                0x00000174       0x9a ./MCAL/DIO_Prog.o
                0x00000174                DIO_enuSetPortVAL
 .text.DIO_enuToggelPort
                0x0000020e       0xae ./MCAL/DIO_Prog.o
                0x0000020e                DIO_enuToggelPort
 .text.DIO_enuGetPortVAL
                0x000002bc       0xbe ./MCAL/DIO_Prog.o
                0x000002bc                DIO_enuGetPortVAL
 .text.DIO_enuSetPINDir
                0x0000037a      0x1d8 ./MCAL/DIO_Prog.o
                0x0000037a                DIO_enuSetPINDir
 .text.DIO_enuSetPINVAL
                0x00000552      0x1d8 ./MCAL/DIO_Prog.o
                0x00000552                DIO_enuSetPINVAL
 .text.DIO_enuToggelPIN
                0x0000072a      0x11c ./MCAL/DIO_Prog.o
                0x0000072a                DIO_enuToggelPIN
 .text.DIO_enuGetPINVAL
                0x00000846      0x13c ./MCAL/DIO_Prog.o
                0x00000846                DIO_enuGetPINVAL
 .text.SW_enuINIT
                0x00000982       0xec ./HAL/SWITCH/SW_Prog.o
                0x00000982                SW_enuINIT
 .text.SW_enuSETUP
                0x00000a6e       0x96 ./HAL/SWITCH/SW_Prog.o
                0x00000a6e                SW_enuSETUP
 .text.SW_enuGetState
                0x00000b04       0x78 ./HAL/SWITCH/SW_Prog.o
                0x00000b04                SW_enuGetState
 .text.LED_enuINIT
                0x00000b7c      0x1ac ./HAL/LED/LED_prog.o
                0x00000b7c                LED_enuINIT
 .text.LED_enuSetState
                0x00000d28       0x9a ./HAL/LED/LED_prog.o
                0x00000d28                LED_enuSetState
 .text.LED_enuSETUP
                0x00000dc2       0xae ./HAL/LED/LED_prog.o
                0x00000dc2                LED_enuSETUP
 .text.main     0x00000e70       0xe8 ./APP/main.o
                0x00000e70                main
 .text.libgcc   0x00000f58        0x0 d:/starks/embedded_system/avr_tools/sdk_win_64/sdk_win_64/winavr/bin/../lib/gcc/avr/4.3.3/avr5\libgcc.a(_exit.o)
 .text.libgcc   0x00000f58        0x0 d:/starks/embedded_system/avr_tools/sdk_win_64/sdk_win_64/winavr/bin/../lib/gcc/avr/4.3.3/avr5\libgcc.a(_copy_data.o)
                0x00000f58                . = ALIGN (0x2)
 *(.fini9)
 .fini9         0x00000f58        0x0 d:/starks/embedded_system/avr_tools/sdk_win_64/sdk_win_64/winavr/bin/../lib/gcc/avr/4.3.3/avr5\libgcc.a(_exit.o)
                0x00000f58                exit
                0x00000f58                _exit
 *(.fini9)
 *(.fini8)
 *(.fini8)
 *(.fini7)
 *(.fini7)
 *(.fini6)
 *(.fini6)
 *(.fini5)
 *(.fini5)
 *(.fini4)
 *(.fini4)
 *(.fini3)
 *(.fini3)
 *(.fini2)
 *(.fini2)
 *(.fini1)
 *(.fini1)
 *(.fini0)
 .fini0         0x00000f58        0x4 d:/starks/embedded_system/avr_tools/sdk_win_64/sdk_win_64/winavr/bin/../lib/gcc/avr/4.3.3/avr5\libgcc.a(_exit.o)
 *(.fini0)
                0x00000f5c                _etext = .

.data           0x00800060       0x18 load address 0x00000f5c
                0x00800060                PROVIDE (__data_start, .)
 *(.data)
 .data          0x00800060        0x0 d:/starks/embedded_system/avr_tools/sdk_win_64/sdk_win_64/winavr/bin/../lib/gcc/avr/4.3.3/../../../../avr/lib/avr5/crtm32.o
 .data          0x00800060        0x0 ./MCAL/DIO_Prog.o
 .data          0x00800060        0x0 ./HAL/SWITCH/SW_Config.o
 .data          0x00800060        0x0 ./HAL/SWITCH/SW_Prog.o
 .data          0x00800060        0x0 ./HAL/LED/LED_congif.o
 .data          0x00800060        0x0 ./HAL/LED/LED_prog.o
 .data          0x00800060        0x0 ./APP/main.o
 .data          0x00800060        0x0 d:/starks/embedded_system/avr_tools/sdk_win_64/sdk_win_64/winavr/bin/../lib/gcc/avr/4.3.3/avr5\libgcc.a(_exit.o)
 .data          0x00800060        0x0 d:/starks/embedded_system/avr_tools/sdk_win_64/sdk_win_64/winavr/bin/../lib/gcc/avr/4.3.3/avr5\libgcc.a(_copy_data.o)
 *(.data*)
 .data.Switches
                0x00800060        0x9 ./HAL/SWITCH/SW_Config.o
                0x00800060                Switches
 .data.LEDsARR  0x00800069        0xc ./HAL/LED/LED_congif.o
                0x00800069                LEDsARR
 *(.rodata)
 *(.rodata*)
 .rodata.C.0.1331
                0x00800075        0x3 ./APP/main.o
 *(.gnu.linkonce.d*)
                0x00800078                . = ALIGN (0x2)
                0x00800078                _edata = .
                0x00800078                PROVIDE (__data_end, .)

.bss            0x00800078        0x0
                0x00800078                PROVIDE (__bss_start, .)
 *(.bss)
 .bss           0x00800078        0x0 d:/starks/embedded_system/avr_tools/sdk_win_64/sdk_win_64/winavr/bin/../lib/gcc/avr/4.3.3/../../../../avr/lib/avr5/crtm32.o
 .bss           0x00800078        0x0 ./MCAL/DIO_Prog.o
 .bss           0x00800078        0x0 ./HAL/SWITCH/SW_Config.o
 .bss           0x00800078        0x0 ./HAL/SWITCH/SW_Prog.o
 .bss           0x00800078        0x0 ./HAL/LED/LED_congif.o
 .bss           0x00800078        0x0 ./HAL/LED/LED_prog.o
 .bss           0x00800078        0x0 ./APP/main.o
 .bss           0x00800078        0x0 d:/starks/embedded_system/avr_tools/sdk_win_64/sdk_win_64/winavr/bin/../lib/gcc/avr/4.3.3/avr5\libgcc.a(_exit.o)
 .bss           0x00800078        0x0 d:/starks/embedded_system/avr_tools/sdk_win_64/sdk_win_64/winavr/bin/../lib/gcc/avr/4.3.3/avr5\libgcc.a(_copy_data.o)
 *(.bss*)
 *(COMMON)
                0x00800078                PROVIDE (__bss_end, .)
                0x00000f5c                __data_load_start = LOADADDR (.data)
                0x00000f74                __data_load_end = (__data_load_start + SIZEOF (.data))

.noinit         0x00800078        0x0
                0x00800078                PROVIDE (__noinit_start, .)
 *(.noinit*)
                0x00800078                PROVIDE (__noinit_end, .)
                0x00800078                _end = .
                0x00800078                PROVIDE (__heap_start, .)

.eeprom         0x00810000        0x0
 *(.eeprom*)
                0x00810000                __eeprom_end = .

.fuse
 *(.fuse)
 *(.lfuse)
 *(.hfuse)
 *(.efuse)

.lock
 *(.lock*)

.signature
 *(.signature*)

.stab           0x00000000     0x18cc
 *(.stab)
 .stab          0x00000000      0x9cc ./MCAL/DIO_Prog.o
 .stab          0x000009cc      0x1bc ./HAL/SWITCH/SW_Config.o
                                0x1c8 (size before relaxing)
 .stab          0x00000b88      0x36c ./HAL/SWITCH/SW_Prog.o
                                0x42c (size before relaxing)
 .stab          0x00000ef4      0x1bc ./HAL/LED/LED_congif.o
                                0x1c8 (size before relaxing)
 .stab          0x000010b0      0x3b4 ./HAL/LED/LED_prog.o
                                0x474 (size before relaxing)
 .stab          0x00001464      0x468 ./APP/main.o
                                0x474 (size before relaxing)

.stabstr        0x00000000      0xef1
 *(.stabstr)
 .stabstr       0x00000000      0xef1 ./MCAL/DIO_Prog.o

.stab.excl
 *(.stab.excl)

.stab.exclstr
 *(.stab.exclstr)

.stab.index
 *(.stab.index)

.stab.indexstr
 *(.stab.indexstr)

.comment
 *(.comment)

.debug
 *(.debug)

.line
 *(.line)

.debug_srcinfo
 *(.debug_srcinfo)

.debug_sfnames
 *(.debug_sfnames)

.debug_aranges
 *(.debug_aranges)

.debug_pubnames
 *(.debug_pubnames)

.debug_info
 *(.debug_info)
 *(.gnu.linkonce.wi.*)

.debug_abbrev
 *(.debug_abbrev)

.debug_line
 *(.debug_line)

.debug_frame
 *(.debug_frame)

.debug_str
 *(.debug_str)

.debug_loc
 *(.debug_loc)

.debug_macinfo
 *(.debug_macinfo)
OUTPUT(Switch_Module.elf elf32-avr)
LOAD linker stubs
