Archive member included because of file (symbol)

d:/starks/embedded_system/avr_tools/sdk_win_64/sdk_win_64/winavr/bin/../lib/gcc/avr/4.3.3/avr5\libgcc.a(_exit.o)
                              d:/starks/embedded_system/avr_tools/sdk_win_64/sdk_win_64/winavr/bin/../lib/gcc/avr/4.3.3/../../../../avr/lib/avr5/crtm32.o (exit)
d:/starks/embedded_system/avr_tools/sdk_win_64/sdk_win_64/winavr/bin/../lib/gcc/avr/4.3.3/avr5\libgcc.a(_copy_data.o)
                              ./EXTI_Config.o (__do_copy_data)
d:/starks/embedded_system/avr_tools/sdk_win_64/sdk_win_64/winavr/bin/../lib/gcc/avr/4.3.3/avr5\libgcc.a(_clear_bss.o)
                              ./EXTI_Prog.o (__do_clear_bss)

Memory Configuration

Name             Origin             Length             Attributes
text             0x00000000         0x00020000         xr
data             0x00800060         0x0000ffa0         rw !x
eeprom           0x00810000         0x00010000         rw !x
fuse             0x00820000         0x00000400         rw !x
lock             0x00830000         0x00000400         rw !x
signature        0x00840000         0x00000400         rw !x
*default*        0x00000000         0xffffffff

Linker script and memory map

LOAD d:/starks/embedded_system/avr_tools/sdk_win_64/sdk_win_64/winavr/bin/../lib/gcc/avr/4.3.3/../../../../avr/lib/avr5/crtm32.o
LOAD ./DIO_Prog.o
LOAD ./EXTI_Config.o
LOAD ./EXTI_Prog.o
LOAD ./main.o
LOAD d:/starks/embedded_system/avr_tools/sdk_win_64/sdk_win_64/winavr/bin/../lib/gcc/avr/4.3.3/avr5\libgcc.a
LOAD d:/starks/embedded_system/avr_tools/sdk_win_64/sdk_win_64/winavr/bin/../lib/gcc/avr/4.3.3/../../../../avr/lib/avr5\libc.a
LOAD d:/starks/embedded_system/avr_tools/sdk_win_64/sdk_win_64/winavr/bin/../lib/gcc/avr/4.3.3/avr5\libgcc.a

.hash
 *(.hash)

.dynsym
 *(.dynsym)

.dynstr
 *(.dynstr)

.gnu.version
 *(.gnu.version)

.gnu.version_d
 *(.gnu.version_d)

.gnu.version_r
 *(.gnu.version_r)

.rel.init
 *(.rel.init)

.rela.init
 *(.rela.init)

.rel.text
 *(.rel.text)
 *(.rel.text.*)
 *(.rel.gnu.linkonce.t*)

.rela.text
 *(.rela.text)
 *(.rela.text.*)
 *(.rela.gnu.linkonce.t*)

.rel.fini
 *(.rel.fini)

.rela.fini
 *(.rela.fini)

.rel.rodata
 *(.rel.rodata)
 *(.rel.rodata.*)
 *(.rel.gnu.linkonce.r*)

.rela.rodata
 *(.rela.rodata)
 *(.rela.rodata.*)
 *(.rela.gnu.linkonce.r*)

.rel.data
 *(.rel.data)
 *(.rel.data.*)
 *(.rel.gnu.linkonce.d*)

.rela.data
 *(.rela.data)
 *(.rela.data.*)
 *(.rela.gnu.linkonce.d*)

.rel.ctors
 *(.rel.ctors)

.rela.ctors
 *(.rela.ctors)

.rel.dtors
 *(.rel.dtors)

.rela.dtors
 *(.rela.dtors)

.rel.got
 *(.rel.got)

.rela.got
 *(.rela.got)

.rel.bss
 *(.rel.bss)

.rela.bss
 *(.rela.bss)

.rel.plt
 *(.rel.plt)

.rela.plt
 *(.rela.plt)

.text           0x00000000     0x1072
 *(.vectors)
 .vectors       0x00000000       0x54 d:/starks/embedded_system/avr_tools/sdk_win_64/sdk_win_64/winavr/bin/../lib/gcc/avr/4.3.3/../../../../avr/lib/avr5/crtm32.o
                0x00000000                __vectors
                0x00000000                __vector_default
 *(.vectors)
 *(.progmem.gcc*)
 *(.progmem*)
                0x00000054                . = ALIGN (0x2)
                0x00000054                __trampolines_start = .
 *(.trampolines)
 .trampolines   0x00000054        0x0 linker stubs
 *(.trampolines*)
                0x00000054                __trampolines_end = .
 *(.jumptables)
 *(.jumptables*)
 *(.lowtext)
 *(.lowtext*)
                0x00000054                __ctors_start = .
 *(.ctors)
                0x00000054                __ctors_end = .
                0x00000054                __dtors_start = .
 *(.dtors)
                0x00000054                __dtors_end = .
 SORT(*)(.ctors)
 SORT(*)(.dtors)
 *(.init0)
 .init0         0x00000054        0x0 d:/starks/embedded_system/avr_tools/sdk_win_64/sdk_win_64/winavr/bin/../lib/gcc/avr/4.3.3/../../../../avr/lib/avr5/crtm32.o
                0x00000054                __init
 *(.init0)
 *(.init1)
 *(.init1)
 *(.init2)
 .init2         0x00000054        0xc d:/starks/embedded_system/avr_tools/sdk_win_64/sdk_win_64/winavr/bin/../lib/gcc/avr/4.3.3/../../../../avr/lib/avr5/crtm32.o
 *(.init2)
 *(.init3)
 *(.init3)
 *(.init4)
 .init4         0x00000060       0x16 d:/starks/embedded_system/avr_tools/sdk_win_64/sdk_win_64/winavr/bin/../lib/gcc/avr/4.3.3/avr5\libgcc.a(_copy_data.o)
                0x00000060                __do_copy_data
 .init4         0x00000076       0x10 d:/starks/embedded_system/avr_tools/sdk_win_64/sdk_win_64/winavr/bin/../lib/gcc/avr/4.3.3/avr5\libgcc.a(_clear_bss.o)
                0x00000076                __do_clear_bss
 *(.init4)
 *(.init5)
 *(.init5)
 *(.init6)
 *(.init6)
 *(.init7)
 *(.init7)
 *(.init8)
 *(.init8)
 *(.init9)
 .init9         0x00000086        0x8 d:/starks/embedded_system/avr_tools/sdk_win_64/sdk_win_64/winavr/bin/../lib/gcc/avr/4.3.3/../../../../avr/lib/avr5/crtm32.o
 *(.init9)
 *(.text)
 .text          0x0000008e        0x4 d:/starks/embedded_system/avr_tools/sdk_win_64/sdk_win_64/winavr/bin/../lib/gcc/avr/4.3.3/../../../../avr/lib/avr5/crtm32.o
                0x0000008e                __vector_12
                0x0000008e                __bad_interrupt
                0x0000008e                __vector_6
                0x0000008e                __vector_11
                0x0000008e                __vector_13
                0x0000008e                __vector_17
                0x0000008e                __vector_19
                0x0000008e                __vector_7
                0x0000008e                __vector_5
                0x0000008e                __vector_4
                0x0000008e                __vector_9
                0x0000008e                __vector_15
                0x0000008e                __vector_8
                0x0000008e                __vector_14
                0x0000008e                __vector_10
                0x0000008e                __vector_16
                0x0000008e                __vector_18
                0x0000008e                __vector_20
 .text          0x00000092        0x0 ./DIO_Prog.o
 .text          0x00000092        0x0 ./EXTI_Config.o
 .text          0x00000092        0x0 ./EXTI_Prog.o
 .text          0x00000092        0x0 ./main.o
 .text          0x00000092        0x0 d:/starks/embedded_system/avr_tools/sdk_win_64/sdk_win_64/winavr/bin/../lib/gcc/avr/4.3.3/avr5\libgcc.a(_exit.o)
 .text          0x00000092        0x0 d:/starks/embedded_system/avr_tools/sdk_win_64/sdk_win_64/winavr/bin/../lib/gcc/avr/4.3.3/avr5\libgcc.a(_copy_data.o)
 .text          0x00000092        0x0 d:/starks/embedded_system/avr_tools/sdk_win_64/sdk_win_64/winavr/bin/../lib/gcc/avr/4.3.3/avr5\libgcc.a(_clear_bss.o)
                0x00000092                . = ALIGN (0x2)
 *(.text.*)
 .text.DIO_enuInit
                0x00000092       0x58 ./DIO_Prog.o
                0x00000092                DIO_enuInit
 .text.DIO_enuSetPortDir
                0x000000ea       0x9a ./DIO_Prog.o
                0x000000ea                DIO_enuSetPortDir
 .text.DIO_enuSetPortVAL
                0x00000184       0x9a ./DIO_Prog.o
                0x00000184                DIO_enuSetPortVAL
 .text.DIO_enuToggelPort
                0x0000021e       0xae ./DIO_Prog.o
                0x0000021e                DIO_enuToggelPort
 .text.DIO_enuGetPortVAL
                0x000002cc       0xbe ./DIO_Prog.o
                0x000002cc                DIO_enuGetPortVAL
 .text.DIO_enuSetPINDir
                0x0000038a      0x1d8 ./DIO_Prog.o
                0x0000038a                DIO_enuSetPINDir
 .text.DIO_enuSetPINVAL
                0x00000562      0x1d8 ./DIO_Prog.o
                0x00000562                DIO_enuSetPINVAL
 .text.DIO_enuToggelPIN
                0x0000073a      0x11c ./DIO_Prog.o
                0x0000073a                DIO_enuToggelPIN
 .text.DIO_enuGetPINVAL
                0x00000856      0x13c ./DIO_Prog.o
                0x00000856                DIO_enuGetPINVAL
 .text.EXTI_enuInit
                0x00000992      0x250 ./EXTI_Prog.o
                0x00000992                EXTI_enuInit
 .text.EXTI_enuSetSenceMode
                0x00000be2      0x1a2 ./EXTI_Prog.o
                0x00000be2                EXTI_enuSetSenceMode
 .text.EXTI_enuEnableINT
                0x00000d84       0x7c ./EXTI_Prog.o
                0x00000d84                EXTI_enuEnableINT
 .text.EXTI_enuDisableINT
                0x00000e00       0x7c ./EXTI_Prog.o
                0x00000e00                EXTI_enuDisableINT
 .text.EXTI_enuCallBackF
                0x00000e7c       0x58 ./EXTI_Prog.o
                0x00000e7c                EXTI_enuCallBackF
 .text.__vector_1
                0x00000ed4       0x66 ./EXTI_Prog.o
                0x00000ed4                __vector_1
 .text.__vector_2
                0x00000f3a       0x66 ./EXTI_Prog.o
                0x00000f3a                __vector_2
 .text.__vector_3
                0x00000fa0       0x66 ./EXTI_Prog.o
                0x00000fa0                __vector_3
 .text.main     0x00001006       0x52 ./main.o
                0x00001006                main
 .text.tog      0x00001058       0x16 ./main.o
                0x00001058                tog
 .text.libgcc   0x0000106e        0x0 d:/starks/embedded_system/avr_tools/sdk_win_64/sdk_win_64/winavr/bin/../lib/gcc/avr/4.3.3/avr5\libgcc.a(_exit.o)
 .text.libgcc   0x0000106e        0x0 d:/starks/embedded_system/avr_tools/sdk_win_64/sdk_win_64/winavr/bin/../lib/gcc/avr/4.3.3/avr5\libgcc.a(_copy_data.o)
 .text.libgcc   0x0000106e        0x0 d:/starks/embedded_system/avr_tools/sdk_win_64/sdk_win_64/winavr/bin/../lib/gcc/avr/4.3.3/avr5\libgcc.a(_clear_bss.o)
                0x0000106e                . = ALIGN (0x2)
 *(.fini9)
 .fini9         0x0000106e        0x0 d:/starks/embedded_system/avr_tools/sdk_win_64/sdk_win_64/winavr/bin/../lib/gcc/avr/4.3.3/avr5\libgcc.a(_exit.o)
                0x0000106e                exit
                0x0000106e                _exit
 *(.fini9)
 *(.fini8)
 *(.fini8)
 *(.fini7)
 *(.fini7)
 *(.fini6)
 *(.fini6)
 *(.fini5)
 *(.fini5)
 *(.fini4)
 *(.fini4)
 *(.fini3)
 *(.fini3)
 *(.fini2)
 *(.fini2)
 *(.fini1)
 *(.fini1)
 *(.fini0)
 .fini0         0x0000106e        0x4 d:/starks/embedded_system/avr_tools/sdk_win_64/sdk_win_64/winavr/bin/../lib/gcc/avr/4.3.3/avr5\libgcc.a(_exit.o)
 *(.fini0)
                0x00001072                _etext = .

.data           0x00800060        0x6 load address 0x00001072
                0x00800060                PROVIDE (__data_start, .)
 *(.data)
 .data          0x00800060        0x0 d:/starks/embedded_system/avr_tools/sdk_win_64/sdk_win_64/winavr/bin/../lib/gcc/avr/4.3.3/../../../../avr/lib/avr5/crtm32.o
 .data          0x00800060        0x0 ./DIO_Prog.o
 .data          0x00800060        0x0 ./EXTI_Config.o
 .data          0x00800060        0x0 ./EXTI_Prog.o
 .data          0x00800060        0x0 ./main.o
 .data          0x00800060        0x0 d:/starks/embedded_system/avr_tools/sdk_win_64/sdk_win_64/winavr/bin/../lib/gcc/avr/4.3.3/avr5\libgcc.a(_exit.o)
 .data          0x00800060        0x0 d:/starks/embedded_system/avr_tools/sdk_win_64/sdk_win_64/winavr/bin/../lib/gcc/avr/4.3.3/avr5\libgcc.a(_copy_data.o)
 .data          0x00800060        0x0 d:/starks/embedded_system/avr_tools/sdk_win_64/sdk_win_64/winavr/bin/../lib/gcc/avr/4.3.3/avr5\libgcc.a(_clear_bss.o)
 *(.data*)
 .data.EXTI_AstrEXTConfig
                0x00800060        0x6 ./EXTI_Config.o
                0x00800060                EXTI_AstrEXTConfig
 *(.rodata)
 *(.rodata*)
 *(.gnu.linkonce.d*)
                0x00800066                . = ALIGN (0x2)
                0x00800066                _edata = .
                0x00800066                PROVIDE (__data_end, .)

.bss            0x00800066        0x6
                0x00800066                PROVIDE (__bss_start, .)
 *(.bss)
 .bss           0x00800066        0x0 d:/starks/embedded_system/avr_tools/sdk_win_64/sdk_win_64/winavr/bin/../lib/gcc/avr/4.3.3/../../../../avr/lib/avr5/crtm32.o
 .bss           0x00800066        0x0 ./DIO_Prog.o
 .bss           0x00800066        0x0 ./EXTI_Config.o
 .bss           0x00800066        0x0 ./EXTI_Prog.o
 .bss           0x00800066        0x0 ./main.o
 .bss           0x00800066        0x0 d:/starks/embedded_system/avr_tools/sdk_win_64/sdk_win_64/winavr/bin/../lib/gcc/avr/4.3.3/avr5\libgcc.a(_exit.o)
 .bss           0x00800066        0x0 d:/starks/embedded_system/avr_tools/sdk_win_64/sdk_win_64/winavr/bin/../lib/gcc/avr/4.3.3/avr5\libgcc.a(_copy_data.o)
 .bss           0x00800066        0x0 d:/starks/embedded_system/avr_tools/sdk_win_64/sdk_win_64/winavr/bin/../lib/gcc/avr/4.3.3/avr5\libgcc.a(_clear_bss.o)
 *(.bss*)
 .bss.EXTI_APFunINIT
                0x00800066        0x6 ./EXTI_Prog.o
 *(COMMON)
                0x0080006c                PROVIDE (__bss_end, .)
                0x00001072                __data_load_start = LOADADDR (.data)
                0x00001078                __data_load_end = (__data_load_start + SIZEOF (.data))

.noinit         0x0080006c        0x0
                0x0080006c                PROVIDE (__noinit_start, .)
 *(.noinit*)
                0x0080006c                PROVIDE (__noinit_end, .)
                0x0080006c                _end = .
                0x0080006c                PROVIDE (__heap_start, .)

.eeprom         0x00810000        0x0
 *(.eeprom*)
                0x00810000                __eeprom_end = .

.fuse
 *(.fuse)
 *(.lfuse)
 *(.hfuse)
 *(.efuse)

.lock
 *(.lock*)

.signature
 *(.signature*)

.stab           0x00000000     0x1350
 *(.stab)
 .stab          0x00000000      0x9cc ./DIO_Prog.o
 .stab          0x000009cc      0x120 ./EXTI_Config.o
                                0x1c8 (size before relaxing)
 .stab          0x00000aec      0x6cc ./EXTI_Prog.o
                                0x78c (size before relaxing)
 .stab          0x000011b8      0x198 ./main.o
                                0x258 (size before relaxing)

.stabstr        0x00000000      0x737
 *(.stabstr)
 .stabstr       0x00000000      0x737 ./DIO_Prog.o

.stab.excl
 *(.stab.excl)

.stab.exclstr
 *(.stab.exclstr)

.stab.index
 *(.stab.index)

.stab.indexstr
 *(.stab.indexstr)

.comment
 *(.comment)

.debug
 *(.debug)

.line
 *(.line)

.debug_srcinfo
 *(.debug_srcinfo)

.debug_sfnames
 *(.debug_sfnames)

.debug_aranges
 *(.debug_aranges)

.debug_pubnames
 *(.debug_pubnames)

.debug_info
 *(.debug_info)
 *(.gnu.linkonce.wi.*)

.debug_abbrev
 *(.debug_abbrev)

.debug_line
 *(.debug_line)

.debug_frame
 *(.debug_frame)

.debug_str
 *(.debug_str)

.debug_loc
 *(.debug_loc)

.debug_macinfo
 *(.debug_macinfo)
OUTPUT(EXTI_Module.elf elf32-avr)
LOAD linker stubs
