Archive member included because of file (symbol)

d:/starks/embedded_system/avr_tools/sdk_win_64/sdk_win_64/winavr/bin/../lib/gcc/avr/4.3.3/avr5\libgcc.a(_exit.o)
                              d:/starks/embedded_system/avr_tools/sdk_win_64/sdk_win_64/winavr/bin/../lib/gcc/avr/4.3.3/../../../../avr/lib/avr5/crtm32.o (exit)
d:/starks/embedded_system/avr_tools/sdk_win_64/sdk_win_64/winavr/bin/../lib/gcc/avr/4.3.3/avr5\libgcc.a(_copy_data.o)
                              ./MCAL/EXTI/EXTI_config.o (__do_copy_data)
d:/starks/embedded_system/avr_tools/sdk_win_64/sdk_win_64/winavr/bin/../lib/gcc/avr/4.3.3/avr5\libgcc.a(_clear_bss.o)
                              ./MCAL/EXTI/EXTI_Prog.o (__do_clear_bss)

Memory Configuration

Name             Origin             Length             Attributes
text             0x00000000         0x00020000         xr
data             0x00800060         0x0000ffa0         rw !x
eeprom           0x00810000         0x00010000         rw !x
fuse             0x00820000         0x00000400         rw !x
lock             0x00830000         0x00000400         rw !x
signature        0x00840000         0x00000400         rw !x
*default*        0x00000000         0xffffffff

Linker script and memory map

LOAD d:/starks/embedded_system/avr_tools/sdk_win_64/sdk_win_64/winavr/bin/../lib/gcc/avr/4.3.3/../../../../avr/lib/avr5/crtm32.o
LOAD ./MCAL/GEI/GEI_Prog.o
LOAD ./MCAL/EXTI/EXTI_Prog.o
LOAD ./MCAL/EXTI/EXTI_config.o
LOAD ./MCAL/DIO/DIO_Prog.o
LOAD ./MCAL/ADC/ADC_Prog.o
LOAD ./APP/main.o
LOAD d:/starks/embedded_system/avr_tools/sdk_win_64/sdk_win_64/winavr/bin/../lib/gcc/avr/4.3.3/avr5\libgcc.a
LOAD d:/starks/embedded_system/avr_tools/sdk_win_64/sdk_win_64/winavr/bin/../lib/gcc/avr/4.3.3/../../../../avr/lib/avr5\libc.a
LOAD d:/starks/embedded_system/avr_tools/sdk_win_64/sdk_win_64/winavr/bin/../lib/gcc/avr/4.3.3/avr5\libgcc.a

.hash
 *(.hash)

.dynsym
 *(.dynsym)

.dynstr
 *(.dynstr)

.gnu.version
 *(.gnu.version)

.gnu.version_d
 *(.gnu.version_d)

.gnu.version_r
 *(.gnu.version_r)

.rel.init
 *(.rel.init)

.rela.init
 *(.rela.init)

.rel.text
 *(.rel.text)
 *(.rel.text.*)
 *(.rel.gnu.linkonce.t*)

.rela.text
 *(.rela.text)
 *(.rela.text.*)
 *(.rela.gnu.linkonce.t*)

.rel.fini
 *(.rel.fini)

.rela.fini
 *(.rela.fini)

.rel.rodata
 *(.rel.rodata)
 *(.rel.rodata.*)
 *(.rel.gnu.linkonce.r*)

.rela.rodata
 *(.rela.rodata)
 *(.rela.rodata.*)
 *(.rela.gnu.linkonce.r*)

.rel.data
 *(.rel.data)
 *(.rel.data.*)
 *(.rel.gnu.linkonce.d*)

.rela.data
 *(.rela.data)
 *(.rela.data.*)
 *(.rela.gnu.linkonce.d*)

.rel.ctors
 *(.rel.ctors)

.rela.ctors
 *(.rela.ctors)

.rel.dtors
 *(.rel.dtors)

.rela.dtors
 *(.rela.dtors)

.rel.got
 *(.rel.got)

.rela.got
 *(.rela.got)

.rel.bss
 *(.rel.bss)

.rela.bss
 *(.rela.bss)

.rel.plt
 *(.rel.plt)

.rela.plt
 *(.rela.plt)

.text           0x00000000     0x2fde
 *(.vectors)
 .vectors       0x00000000       0x54 d:/starks/embedded_system/avr_tools/sdk_win_64/sdk_win_64/winavr/bin/../lib/gcc/avr/4.3.3/../../../../avr/lib/avr5/crtm32.o
                0x00000000                __vectors
                0x00000000                __vector_default
 *(.vectors)
 *(.progmem.gcc*)
 *(.progmem*)
                0x00000054                . = ALIGN (0x2)
                0x00000054                __trampolines_start = .
 *(.trampolines)
 .trampolines   0x00000054        0x0 linker stubs
 *(.trampolines*)
                0x00000054                __trampolines_end = .
 *(.jumptables)
 *(.jumptables*)
 *(.lowtext)
 *(.lowtext*)
                0x00000054                __ctors_start = .
 *(.ctors)
                0x00000054                __ctors_end = .
                0x00000054                __dtors_start = .
 *(.dtors)
                0x00000054                __dtors_end = .
 SORT(*)(.ctors)
 SORT(*)(.dtors)
 *(.init0)
 .init0         0x00000054        0x0 d:/starks/embedded_system/avr_tools/sdk_win_64/sdk_win_64/winavr/bin/../lib/gcc/avr/4.3.3/../../../../avr/lib/avr5/crtm32.o
                0x00000054                __init
 *(.init0)
 *(.init1)
 *(.init1)
 *(.init2)
 .init2         0x00000054        0xc d:/starks/embedded_system/avr_tools/sdk_win_64/sdk_win_64/winavr/bin/../lib/gcc/avr/4.3.3/../../../../avr/lib/avr5/crtm32.o
 *(.init2)
 *(.init3)
 *(.init3)
 *(.init4)
 .init4         0x00000060       0x16 d:/starks/embedded_system/avr_tools/sdk_win_64/sdk_win_64/winavr/bin/../lib/gcc/avr/4.3.3/avr5\libgcc.a(_copy_data.o)
                0x00000060                __do_copy_data
 .init4         0x00000076       0x10 d:/starks/embedded_system/avr_tools/sdk_win_64/sdk_win_64/winavr/bin/../lib/gcc/avr/4.3.3/avr5\libgcc.a(_clear_bss.o)
                0x00000076                __do_clear_bss
 *(.init4)
 *(.init5)
 *(.init5)
 *(.init6)
 *(.init6)
 *(.init7)
 *(.init7)
 *(.init8)
 *(.init8)
 *(.init9)
 .init9         0x00000086        0x8 d:/starks/embedded_system/avr_tools/sdk_win_64/sdk_win_64/winavr/bin/../lib/gcc/avr/4.3.3/../../../../avr/lib/avr5/crtm32.o
 *(.init9)
 *(.text)
 .text          0x0000008e        0x4 d:/starks/embedded_system/avr_tools/sdk_win_64/sdk_win_64/winavr/bin/../lib/gcc/avr/4.3.3/../../../../avr/lib/avr5/crtm32.o
                0x0000008e                __vector_12
                0x0000008e                __bad_interrupt
                0x0000008e                __vector_6
                0x0000008e                __vector_11
                0x0000008e                __vector_13
                0x0000008e                __vector_17
                0x0000008e                __vector_19
                0x0000008e                __vector_7
                0x0000008e                __vector_5
                0x0000008e                __vector_4
                0x0000008e                __vector_9
                0x0000008e                __vector_15
                0x0000008e                __vector_8
                0x0000008e                __vector_14
                0x0000008e                __vector_10
                0x0000008e                __vector_18
                0x0000008e                __vector_20
 .text          0x00000092        0x0 ./MCAL/GEI/GEI_Prog.o
 .text          0x00000092        0x0 ./MCAL/EXTI/EXTI_Prog.o
 .text          0x00000092        0x0 ./MCAL/EXTI/EXTI_config.o
 .text          0x00000092        0x0 ./MCAL/DIO/DIO_Prog.o
 .text          0x00000092        0x0 ./MCAL/ADC/ADC_Prog.o
 .text          0x00000092        0x0 ./APP/main.o
 .text          0x00000092        0x0 d:/starks/embedded_system/avr_tools/sdk_win_64/sdk_win_64/winavr/bin/../lib/gcc/avr/4.3.3/avr5\libgcc.a(_exit.o)
 .text          0x00000092        0x0 d:/starks/embedded_system/avr_tools/sdk_win_64/sdk_win_64/winavr/bin/../lib/gcc/avr/4.3.3/avr5\libgcc.a(_copy_data.o)
 .text          0x00000092        0x0 d:/starks/embedded_system/avr_tools/sdk_win_64/sdk_win_64/winavr/bin/../lib/gcc/avr/4.3.3/avr5\libgcc.a(_clear_bss.o)
                0x00000092                . = ALIGN (0x2)
 *(.text.*)
 .text.GEI_enuEnableGINT
                0x00000092       0x26 ./MCAL/GEI/GEI_Prog.o
                0x00000092                GEI_enuEnableGINT
 .text.GEI_enuDisableGINT
                0x000000b8       0x26 ./MCAL/GEI/GEI_Prog.o
                0x000000b8                GEI_enuDisableGINT
 .text.EXTI_enuINIT
                0x000000de      0x2e2 ./MCAL/EXTI/EXTI_Prog.o
                0x000000de                EXTI_enuINIT
 .text.EXTI_enuSetSenseLevel
                0x000003c0      0x25e ./MCAL/EXTI/EXTI_Prog.o
                0x000003c0                EXTI_enuSetSenseLevel
 .text.EXTI_enuEnableEXINT
                0x0000061e       0x82 ./MCAL/EXTI/EXTI_Prog.o
                0x0000061e                EXTI_enuEnableEXINT
 .text.EXTI_enuDisableEXINT
                0x000006a0       0x82 ./MCAL/EXTI/EXTI_Prog.o
                0x000006a0                EXTI_enuDisableEXINT
 .text.EXTI_enuCallBack
                0x00000722       0x6e ./MCAL/EXTI/EXTI_Prog.o
                0x00000722                EXTI_enuCallBack
 .text.__vector_1
                0x00000790       0x6e ./MCAL/EXTI/EXTI_Prog.o
                0x00000790                __vector_1
 .text.__vector_2
                0x000007fe       0x6e ./MCAL/EXTI/EXTI_Prog.o
                0x000007fe                __vector_2
 .text.__vector_3
                0x0000086c       0x6e ./MCAL/EXTI/EXTI_Prog.o
                0x0000086c                __vector_3
 .text.DIO_enuINIT
                0x000008da       0x5a ./MCAL/DIO/DIO_Prog.o
                0x000008da                DIO_enuINIT
 .text.DIO_enuSetPinDir
                0x00000934      0x83c ./MCAL/DIO/DIO_Prog.o
                0x00000934                DIO_enuSetPinDir
 .text.DIO_enuSetPinVal
                0x00001170      0x83c ./MCAL/DIO/DIO_Prog.o
                0x00001170                DIO_enuSetPinVal
 .text.DIO_enuToggelPin
                0x000019ac      0x47a ./MCAL/DIO/DIO_Prog.o
                0x000019ac                DIO_enuToggelPin
 .text.DIO_enuGetPinVal
                0x00001e26      0x4ce ./MCAL/DIO/DIO_Prog.o
                0x00001e26                DIO_enuGetPinVal
 .text.DIO_enuSetPortDir
                0x000022f4       0x9a ./MCAL/DIO/DIO_Prog.o
                0x000022f4                DIO_enuSetPortDir
 .text.DIO_enuSetPortVal
                0x0000238e       0x9a ./MCAL/DIO/DIO_Prog.o
                0x0000238e                DIO_enuSetPortVal
 .text.DIO_enuGetPortVal
                0x00002428       0xae ./MCAL/DIO/DIO_Prog.o
                0x00002428                DIO_enuGetPortVal
 .text.DIO_enuToggelPort
                0x000024d6       0xae ./MCAL/DIO/DIO_Prog.o
                0x000024d6                DIO_enuToggelPort
 .text.ADC_enuINIT
                0x00002584       0x6c ./MCAL/ADC/ADC_Prog.o
                0x00002584                ADC_enuINIT
 .text.ADC_enuSetRefVoltage
                0x000025f0       0xaa ./MCAL/ADC/ADC_Prog.o
                0x000025f0                ADC_enuSetRefVoltage
 .text.ADC_enuSetAdjust
                0x0000269a       0x62 ./MCAL/ADC/ADC_Prog.o
                0x0000269a                ADC_enuSetAdjust
 .text.ADC_enuSelectChannel
                0x000026fc      0x10a ./MCAL/ADC/ADC_Prog.o
                0x000026fc                ADC_enuSelectChannel
 .text.ADC_enuEnableADC
                0x00002806       0x26 ./MCAL/ADC/ADC_Prog.o
                0x00002806                ADC_enuEnableADC
 .text.ADC_enuDisableADC
                0x0000282c       0x26 ./MCAL/ADC/ADC_Prog.o
                0x0000282c                ADC_enuDisableADC
 .text.ADC_enuStartConversion
                0x00002852       0x26 ./MCAL/ADC/ADC_Prog.o
                0x00002852                ADC_enuStartConversion
 .text.ADC_enuEnableINT
                0x00002878       0x26 ./MCAL/ADC/ADC_Prog.o
                0x00002878                ADC_enuEnableINT
 .text.ADC_enuDisableINT
                0x0000289e       0x26 ./MCAL/ADC/ADC_Prog.o
                0x0000289e                ADC_enuDisableINT
 .text.ADC_enuSetPrescaler
                0x000028c4      0x1c2 ./MCAL/ADC/ADC_Prog.o
                0x000028c4                ADC_enuSetPrescaler
 .text.ADC_enuDisableAutoTriggeringMode
                0x00002a86       0x26 ./MCAL/ADC/ADC_Prog.o
                0x00002a86                ADC_enuDisableAutoTriggeringMode
 .text.ADC_enuEnsableAutoTriggeringMode
                0x00002aac      0x20e ./MCAL/ADC/ADC_Prog.o
                0x00002aac                ADC_enuEnsableAutoTriggeringMode
 .text.ADC_enuPollingConv
                0x00002cba       0x3c ./MCAL/ADC/ADC_Prog.o
                0x00002cba                ADC_enuPollingConv
 .text.ADC_enuRead
                0x00002cf6       0xdc ./MCAL/ADC/ADC_Prog.o
                0x00002cf6                ADC_enuRead
 .text.ADC_enuReadHIGHvalue
                0x00002dd2       0xac ./MCAL/ADC/ADC_Prog.o
                0x00002dd2                ADC_enuReadHIGHvalue
 .text.ADC_enuCallBackFUN
                0x00002e7e       0x50 ./MCAL/ADC/ADC_Prog.o
                0x00002e7e                ADC_enuCallBackFUN
 .text.__vector_16
                0x00002ece       0x6e ./MCAL/ADC/ADC_Prog.o
                0x00002ece                __vector_16
 .text.read     0x00002f3c       0x20 ./APP/main.o
                0x00002f3c                read
 .text.main     0x00002f5c       0x7e ./APP/main.o
                0x00002f5c                main
 .text.libgcc   0x00002fda        0x0 d:/starks/embedded_system/avr_tools/sdk_win_64/sdk_win_64/winavr/bin/../lib/gcc/avr/4.3.3/avr5\libgcc.a(_exit.o)
 .text.libgcc   0x00002fda        0x0 d:/starks/embedded_system/avr_tools/sdk_win_64/sdk_win_64/winavr/bin/../lib/gcc/avr/4.3.3/avr5\libgcc.a(_copy_data.o)
 .text.libgcc   0x00002fda        0x0 d:/starks/embedded_system/avr_tools/sdk_win_64/sdk_win_64/winavr/bin/../lib/gcc/avr/4.3.3/avr5\libgcc.a(_clear_bss.o)
                0x00002fda                . = ALIGN (0x2)
 *(.fini9)
 .fini9         0x00002fda        0x0 d:/starks/embedded_system/avr_tools/sdk_win_64/sdk_win_64/winavr/bin/../lib/gcc/avr/4.3.3/avr5\libgcc.a(_exit.o)
                0x00002fda                exit
                0x00002fda                _exit
 *(.fini9)
 *(.fini8)
 *(.fini8)
 *(.fini7)
 *(.fini7)
 *(.fini6)
 *(.fini6)
 *(.fini5)
 *(.fini5)
 *(.fini4)
 *(.fini4)
 *(.fini3)
 *(.fini3)
 *(.fini2)
 *(.fini2)
 *(.fini1)
 *(.fini1)
 *(.fini0)
 .fini0         0x00002fda        0x4 d:/starks/embedded_system/avr_tools/sdk_win_64/sdk_win_64/winavr/bin/../lib/gcc/avr/4.3.3/avr5\libgcc.a(_exit.o)
 *(.fini0)
                0x00002fde                _etext = .

.data           0x00800060        0x6 load address 0x00002fde
                0x00800060                PROVIDE (__data_start, .)
 *(.data)
 .data          0x00800060        0x0 d:/starks/embedded_system/avr_tools/sdk_win_64/sdk_win_64/winavr/bin/../lib/gcc/avr/4.3.3/../../../../avr/lib/avr5/crtm32.o
 .data          0x00800060        0x0 ./MCAL/GEI/GEI_Prog.o
 .data          0x00800060        0x0 ./MCAL/EXTI/EXTI_Prog.o
 .data          0x00800060        0x0 ./MCAL/EXTI/EXTI_config.o
 .data          0x00800060        0x0 ./MCAL/DIO/DIO_Prog.o
 .data          0x00800060        0x0 ./MCAL/ADC/ADC_Prog.o
 .data          0x00800060        0x0 ./APP/main.o
 .data          0x00800060        0x0 d:/starks/embedded_system/avr_tools/sdk_win_64/sdk_win_64/winavr/bin/../lib/gcc/avr/4.3.3/avr5\libgcc.a(_exit.o)
 .data          0x00800060        0x0 d:/starks/embedded_system/avr_tools/sdk_win_64/sdk_win_64/winavr/bin/../lib/gcc/avr/4.3.3/avr5\libgcc.a(_copy_data.o)
 .data          0x00800060        0x0 d:/starks/embedded_system/avr_tools/sdk_win_64/sdk_win_64/winavr/bin/../lib/gcc/avr/4.3.3/avr5\libgcc.a(_clear_bss.o)
 *(.data*)
 .data.EXTI_AstrINTConfig
                0x00800060        0x6 ./MCAL/EXTI/EXTI_config.o
                0x00800060                EXTI_AstrINTConfig
 *(.rodata)
 *(.rodata*)
 *(.gnu.linkonce.d*)
                0x00800066                . = ALIGN (0x2)
                0x00800066                _edata = .
                0x00800066                PROVIDE (__data_end, .)

.bss            0x00800066       0x10
                0x00800066                PROVIDE (__bss_start, .)
 *(.bss)
 .bss           0x00800066        0x0 d:/starks/embedded_system/avr_tools/sdk_win_64/sdk_win_64/winavr/bin/../lib/gcc/avr/4.3.3/../../../../avr/lib/avr5/crtm32.o
 .bss           0x00800066        0x0 ./MCAL/GEI/GEI_Prog.o
 .bss           0x00800066        0x0 ./MCAL/EXTI/EXTI_Prog.o
 .bss           0x00800066        0x0 ./MCAL/EXTI/EXTI_config.o
 .bss           0x00800066        0x0 ./MCAL/DIO/DIO_Prog.o
 .bss           0x00800066        0x0 ./MCAL/ADC/ADC_Prog.o
 .bss           0x00800066        0x0 ./APP/main.o
 .bss           0x00800066        0x0 d:/starks/embedded_system/avr_tools/sdk_win_64/sdk_win_64/winavr/bin/../lib/gcc/avr/4.3.3/avr5\libgcc.a(_exit.o)
 .bss           0x00800066        0x0 d:/starks/embedded_system/avr_tools/sdk_win_64/sdk_win_64/winavr/bin/../lib/gcc/avr/4.3.3/avr5\libgcc.a(_copy_data.o)
 .bss           0x00800066        0x0 d:/starks/embedded_system/avr_tools/sdk_win_64/sdk_win_64/winavr/bin/../lib/gcc/avr/4.3.3/avr5\libgcc.a(_clear_bss.o)
 *(.bss*)
 .bss.EXTI_PvidGLOfun
                0x00800066        0x6 ./MCAL/EXTI/EXTI_Prog.o
 .bss.EXTI_PvidGLOPara
                0x0080006c        0x6 ./MCAL/EXTI/EXTI_Prog.o
 .bss.ADC_PvidFUN
                0x00800072        0x2 ./MCAL/ADC/ADC_Prog.o
 .bss.ADC_Pvidpara
                0x00800074        0x2 ./MCAL/ADC/ADC_Prog.o
 *(COMMON)
                0x00800076                PROVIDE (__bss_end, .)
                0x00002fde                __data_load_start = LOADADDR (.data)
                0x00002fe4                __data_load_end = (__data_load_start + SIZEOF (.data))

.noinit         0x00800076        0x0
                0x00800076                PROVIDE (__noinit_start, .)
 *(.noinit*)
                0x00800076                PROVIDE (__noinit_end, .)
                0x00800076                _end = .
                0x00800076                PROVIDE (__heap_start, .)

.eeprom         0x00810000        0x0
 *(.eeprom*)
                0x00810000                __eeprom_end = .

.fuse
 *(.fuse)
 *(.lfuse)
 *(.hfuse)
 *(.efuse)

.lock
 *(.lock*)

.signature
 *(.signature*)

.stab           0x00000000     0x3108
 *(.stab)
 .stab          0x00000000      0x270 ./MCAL/GEI/GEI_Prog.o
 .stab          0x00000270      0x960 ./MCAL/EXTI/EXTI_Prog.o
                                0x96c (size before relaxing)
 .stab          0x00000bd0      0x120 ./MCAL/EXTI/EXTI_config.o
                                0x1e0 (size before relaxing)
 .stab          0x00000cf0     0x1230 ./MCAL/DIO/DIO_Prog.o
                               0x123c (size before relaxing)
 .stab          0x00001f20      0xd38 ./MCAL/ADC/ADC_Prog.o
                                0xd44 (size before relaxing)
 .stab          0x00002c58      0x4b0 ./APP/main.o
                                0x4bc (size before relaxing)

.stabstr        0x00000000     0x110d
 *(.stabstr)
 .stabstr       0x00000000     0x110d ./MCAL/GEI/GEI_Prog.o

.stab.excl
 *(.stab.excl)

.stab.exclstr
 *(.stab.exclstr)

.stab.index
 *(.stab.index)

.stab.indexstr
 *(.stab.indexstr)

.comment
 *(.comment)

.debug
 *(.debug)

.line
 *(.line)

.debug_srcinfo
 *(.debug_srcinfo)

.debug_sfnames
 *(.debug_sfnames)

.debug_aranges
 *(.debug_aranges)

.debug_pubnames
 *(.debug_pubnames)

.debug_info
 *(.debug_info)
 *(.gnu.linkonce.wi.*)

.debug_abbrev
 *(.debug_abbrev)

.debug_line
 *(.debug_line)

.debug_frame
 *(.debug_frame)

.debug_str
 *(.debug_str)

.debug_loc
 *(.debug_loc)

.debug_macinfo
 *(.debug_macinfo)
OUTPUT(ADC.elf elf32-avr)
LOAD linker stubs
